// Jest Snapshot v1, https://goo.gl/fbAQLP

exports[`renders correctly 1`] = `
<form
  className="updatePassword"
  onSubmit={[Function]}
>
  <div>
    <input
      id="currentPasswordInput"
      name="currentPassword"
      required={true}
      type="text"
    />
    <label
      htmlFor="currentPasswordInput"
    >
      Current Password
    </label>
  </div>
  <div>
    <input
      id="newPasswordInput"
      name="newPassword"
      required={true}
      type="text"
    />
    <label
      htmlFor="newPasswordInput"
    >
      New Password
    </label>
  </div>
  <div>
    <input
      id="newPasswordInput"
      name="retypePassword"
      required={true}
      type="text"
    />
    <label
      htmlFor="newPasswordInput"
    >
      Retype New Password
    </label>
  </div>
  <button
    className="w-100 btn btn-lg btn-primary"
    type="submit"
  >
    Submit
  </button>
</form>
`;
